// Vitest Snapshot v1, https://vitest.dev/guide/snapshot.html

exports[`cli > generates expected files 1`] = `
[
  ".gitignore",
  ".prettierignore",
  "README.md",
  "app.config.ts",
  "package.json",
  "postcss.config.mjs",
  "tailwind.config.mjs",
  "tsconfig.json",
  ".vscode/settings.json",
  "public/android-chrome-192x192.png",
  "public/android-chrome-512x512.png",
  "public/apple-touch-icon.png",
  "public/favicon-16x16.png",
  "public/favicon-32x32.png",
  "public/favicon.ico",
  "public/favicon.png",
  "public/site.webmanifest",
  "src/api.ts",
  "src/client.tsx",
  "src/global-middleware.ts",
  "src/routeTree.gen.ts",
  "src/router.tsx",
  "src/ssr.tsx",
  "src/components/DefaultCatchBoundary.tsx",
  "src/components/NotFound.tsx",
  "src/components/PostError.tsx",
  "src/components/UserError.tsx",
  "src/routes/__root.tsx",
  "src/routes/_pathlessLayout.tsx",
  "src/routes/deferred.tsx",
  "src/routes/index.tsx",
  "src/routes/posts.$postId.tsx",
  "src/routes/posts.index.tsx",
  "src/routes/posts.route.tsx",
  "src/routes/posts_.$postId.deep.tsx",
  "src/routes/redirect.tsx",
  "src/routes/users.$userId.tsx",
  "src/routes/users.index.tsx",
  "src/routes/users.route.tsx",
  "src/styles/app.css",
  "src/utils/loggingMiddleware.tsx",
  "src/utils/posts.tsx",
  "src/utils/seo.ts",
  "src/utils/users.tsx",
  "src/routes/_pathlessLayout/_nested-layout.tsx",
  "src/routes/api/users.$id.ts",
  "src/routes/api/users.ts",
  "src/routes/_pathlessLayout/_nested-layout/route-a.tsx",
  "src/routes/_pathlessLayout/_nested-layout/route-b.tsx",
]
`;
