# temp

## Local development

```sh
pnpm install
pnpm run dev
```

## Build

```sh
pnpm run build
```
